\BOOKMARK [0][-]{chapter*.1}{\376\377\000P\000a\000g\000e\000\040\000o\000f\000\040\000A\000p\000p\000r\000o\000v\000a\000l}{}% 1
\BOOKMARK [0][-]{chapter*.2}{\376\377\000C\000o\000p\000y\000r\000i\000g\000h\000t}{}% 2
\BOOKMARK [0][-]{chapter*.3}{\376\377\000A\000c\000k\000n\000o\000w\000l\000e\000d\000g\000e\000m\000e\000n\000t\000s}{}% 3
\BOOKMARK [0][-]{chapter*.4}{\376\377\000A\000b\000s\000t\000r\000a\000c\000t}{}% 4
\BOOKMARK [0][-]{chapter*.5}{\376\377\000C\000o\000n\000t\000e\000n\000t\000s}{}% 5
\BOOKMARK [0][-]{chapter*.6}{\376\377\000L\000i\000s\000t\000\040\000o\000f\000\040\000F\000i\000g\000u\000r\000e\000s}{}% 6
\BOOKMARK [0][-]{chapter*.7}{\376\377\000L\000i\000s\000t\000\040\000o\000f\000\040\000T\000a\000b\000l\000e\000s}{}% 7
\BOOKMARK [0][-]{chapter*.8}{\376\377\000L\000i\000s\000t\000\040\000o\000f\000\040\000A\000b\000b\000r\000e\000v\000i\000a\000t\000i\000o\000n\000s}{}% 8
\BOOKMARK [0][-]{chapter.9}{\376\377\000I\000n\000t\000r\000o\000d\000u\000c\000t\000i\000o\000n}{}% 9
\BOOKMARK [1][-]{section.10}{\376\377\000B\000a\000c\000k\000g\000r\000o\000u\000n\000d}{chapter.9}% 10
\BOOKMARK [1][-]{section.11}{\376\377\000P\000r\000o\000b\000l\000e\000m\000\040\000S\000t\000a\000t\000e\000m\000e\000n\000t}{chapter.9}% 11
\BOOKMARK [1][-]{section.12}{\376\377\000A\000i\000m\000\040\000a\000n\000d\000\040\000O\000b\000j\000e\000c\000t\000i\000v\000e\000s}{chapter.9}% 12
\BOOKMARK [1][-]{section.17}{\376\377\000S\000c\000o\000p\000e}{chapter.9}% 13
\BOOKMARK [0][-]{chapter.18}{\376\377\000L\000i\000t\000e\000r\000a\000t\000u\000r\000e\000\040\000R\000e\000v\000i\000e\000w}{}% 14
\BOOKMARK [1][-]{section.19}{\376\377\000R\000e\000l\000a\000t\000e\000d\000\040\000W\000o\000r\000k}{chapter.18}% 15
\BOOKMARK [1][-]{section.20}{\376\377\000R\000e\000l\000a\000t\000e\000d\000\040\000T\000h\000e\000o\000r\000y}{chapter.18}% 16
\BOOKMARK [2][-]{subsection.21}{\376\377\000G\000r\000a\000d\000i\000e\000n\000t\000\040\000B\000o\000o\000s\000t\000i\000n\000g}{section.20}% 17
\BOOKMARK [2][-]{subsection.22}{\376\377\000X\000G\000B\000o\000o\000s\000t}{section.20}% 18
\BOOKMARK [2][-]{subsection.23}{\376\377\000S\000H\000A\000P\000\040\000\050\000S\000H\000a\000p\000l\000e\000y\000\040\000A\000d\000d\000i\000t\000i\000v\000e\000\040\000e\000x\000P\000l\000a\000n\000a\000t\000i\000o\000n\000s\000\051}{section.20}% 19
\BOOKMARK [2][-]{subsection.24}{\376\377\000K\000-\000M\000e\000a\000n\000s\000\040\000C\000l\000u\000s\000t\000e\000r\000i\000n\000g}{section.20}% 20
\BOOKMARK [0][-]{chapter.25}{\376\377\000M\000e\000t\000h\000o\000d\000o\000l\000o\000g\000y}{}% 21
\BOOKMARK [1][-]{section.26}{\376\377\000S\000y\000s\000t\000e\000m\000\040\000F\000l\000o\000w\000c\000h\000a\000r\000t}{chapter.25}% 22
\BOOKMARK [1][-]{section.28}{\376\377\000B\000l\000o\000c\000k\000\040\000D\000i\000a\000g\000r\000a\000m\000\040\000o\000f\000\040\000t\000h\000e\000\040\000S\000y\000s\000t\000e\000m}{chapter.25}% 23
\BOOKMARK [2][-]{subsection.30}{\376\377\000D\000a\000t\000a\000\040\000C\000o\000l\000l\000e\000c\000t\000i\000o\000n}{section.28}% 24
\BOOKMARK [1][-]{section.35}{\376\377\000D\000a\000t\000a\000\040\000P\000r\000e\000p\000r\000o\000c\000e\000s\000s\000i\000n\000g}{chapter.25}% 25
\BOOKMARK [2][-]{subsection.37}{\376\377\000P\000h\000o\000n\000e\000\040\000D\000a\000t\000a\000s\000e\000t\000\040\000P\000r\000e\000p\000r\000o\000c\000e\000s\000s\000i\000n\000g}{section.35}% 26
\BOOKMARK [2][-]{subsection.38}{\376\377\000C\000u\000s\000t\000o\000m\000e\000r\000\040\000D\000a\000t\000a\000s\000e\000t\000\040\000P\000r\000e\000p\000r\000o\000c\000e\000s\000s\000i\000n\000g}{section.35}% 27
\BOOKMARK [2][-]{subsection.39}{\376\377\000F\000e\000a\000t\000u\000r\000e\000\040\000E\000n\000g\000i\000n\000e\000e\000r\000i\000n\000g}{section.35}% 28
\BOOKMARK [2][-]{subsection.40}{\376\377\000S\000c\000a\000l\000i\000n\000g\000,\000\040\000O\000u\000t\000l\000i\000e\000r\000\040\000H\000a\000n\000d\000l\000i\000n\000g\000,\000\040\000a\000n\000d\000\040\000T\000r\000a\000i\000n\000\040\000T\000e\000s\000t\000\040\000P\000r\000e\000p\000a\000r\000a\000t\000i\000o\000n}{section.35}% 29
\BOOKMARK [1][-]{section.41}{\376\377\000M\000e\000t\000h\000o\000d\000s\000\040\000a\000n\000d\000\040\000A\000l\000g\000o\000r\000i\000t\000h\000m\000s}{chapter.25}% 30
\BOOKMARK [2][-]{subsection.42}{\376\377\000X\000G\000B\000o\000o\000s\000t\000\040\000A\000l\000g\000o\000r\000i\000t\000h\000m}{section.41}% 31
\BOOKMARK [2][-]{subsection.47}{\376\377\000K\000-\000M\000e\000a\000n\000s\000\040\000C\000l\000u\000s\000t\000e\000r\000i\000n\000g\000\040\000f\000o\000r\000\040\000C\000u\000s\000t\000o\000m\000e\000r\000\040\000S\000e\000g\000m\000e\000n\000t\000a\000t\000i\000o\000n}{section.41}% 32
\BOOKMARK [1][-]{section.50}{\376\377\000E\000v\000a\000l\000u\000a\000t\000i\000o\000n\000\040\000M\000e\000t\000r\000i\000c\000s}{chapter.25}% 33
\BOOKMARK [2][-]{subsection.51}{\376\377\000M\000e\000t\000r\000i\000c\000s\000\040\000f\000o\000r\000\040\000t\000h\000e\000\040\000R\000e\000g\000r\000e\000s\000s\000o\000r}{section.50}% 34
\BOOKMARK [2][-]{subsection.59}{\376\377\000M\000e\000t\000r\000i\000c\000s\000\040\000f\000o\000r\000\040\000t\000h\000e\000\040\000S\000e\000g\000m\000e\000n\000t\000a\000t\000i\000o\000n}{section.50}% 35
\BOOKMARK [2][-]{subsection.61}{\376\377\000M\000e\000t\000r\000i\000c\000s\000\040\000f\000o\000r\000\040\000t\000h\000e\000\040\000R\000e\000c\000o\000m\000m\000e\000n\000d\000a\000t\000i\000o\000n\000\040\000E\000n\000g\000i\000n\000e}{section.50}% 36
\BOOKMARK [0][-]{chapter.64}{\376\377\000H\000a\000r\000d\000w\000a\000r\000e\000\040\000C\000o\000n\000f\000i\000g\000u\000r\000a\000t\000i\000o\000n\000\040\000/\000\040\000E\000x\000p\000e\000r\000i\000m\000e\000n\000t\000a\000l\000\040\000S\000e\000t\000u\000p}{}% 37
\BOOKMARK [1][-]{section.65}{\376\377\000S\000o\000f\000t\000w\000a\000r\000e\000\040\000a\000n\000d\000\040\000T\000o\000o\000l\000s}{chapter.64}% 38
\BOOKMARK [1][-]{section.66}{\376\377\000H\000a\000r\000d\000w\000a\000r\000e\000\040\000C\000o\000n\000f\000i\000g\000u\000r\000a\000t\000i\000o\000n}{chapter.64}% 39
\BOOKMARK [0][-]{chapter.67}{\376\377\000S\000y\000s\000t\000e\000m\000\040\000D\000e\000s\000i\000g\000n}{}% 40
\BOOKMARK [1][-]{section.68}{\376\377\000R\000e\000q\000u\000i\000r\000e\000m\000e\000n\000t\000\040\000S\000p\000e\000c\000i\000f\000i\000c\000a\000t\000i\000o\000n}{chapter.67}% 41
\BOOKMARK [2][-]{subsection.69}{\376\377\000F\000u\000n\000c\000t\000i\000o\000n\000a\000l\000\040\000R\000e\000q\000u\000i\000r\000e\000m\000e\000n\000t\000s}{section.68}% 42
\BOOKMARK [2][-]{subsection.76}{\376\377\000N\000o\000n\000-\000F\000u\000n\000c\000t\000i\000o\000n\000a\000l\000\040\000R\000e\000q\000u\000i\000r\000e\000m\000e\000n\000t\000s}{section.68}% 43
\BOOKMARK [1][-]{section.82}{\376\377\000S\000y\000s\000t\000e\000m\000\040\000A\000r\000c\000h\000i\000t\000e\000c\000t\000u\000r\000e}{chapter.67}% 44
\BOOKMARK [1][-]{section.84}{\376\377\000U\000s\000e\000\040\000C\000a\000s\000e\000\040\000D\000i\000a\000g\000r\000a\000m}{chapter.67}% 45
\BOOKMARK [1][-]{section.86}{\376\377\000D\000a\000t\000a\000\040\000F\000l\000o\000w\000\040\000D\000i\000a\000g\000r\000a\000m}{chapter.67}% 46
\BOOKMARK [1][-]{section.89}{\376\377\000I\000t\000e\000r\000a\000t\000i\000v\000e\000\040\000D\000e\000v\000e\000l\000o\000p\000m\000e\000n\000t\000\040\000M\000o\000d\000e\000l}{chapter.67}% 47
\BOOKMARK [1][-]{section.91}{\376\377\000P\000r\000o\000j\000e\000c\000t\000\040\000W\000o\000r\000k\000\040\000P\000l\000a\000n}{chapter.67}% 48
\BOOKMARK [0][-]{chapter.93}{\376\377\000R\000e\000s\000u\000l\000t\000s\000\040\000\046\000\040\000D\000i\000s\000c\000u\000s\000s\000i\000o\000n}{}% 49
\BOOKMARK [1][-]{section.94}{\376\377\000E\000x\000p\000e\000r\000i\000m\000e\000n\000t\000\040\000S\000e\000t\000u\000p}{chapter.93}% 50
\BOOKMARK [1][-]{section.95}{\376\377\000D\000a\000t\000a\000\040\000P\000r\000e\000p\000a\000r\000a\000t\000i\000o\000n\000\040\000R\000e\000s\000u\000l\000t\000s}{chapter.93}% 51
\BOOKMARK [1][-]{section.98}{\376\377\000M\000a\000c\000h\000i\000n\000e\000\040\000L\000e\000a\000r\000n\000i\000n\000g\000\040\000R\000e\000s\000u\000l\000t\000s}{chapter.93}% 52
\BOOKMARK [1][-]{section.104}{\376\377\000R\000e\000c\000o\000m\000m\000e\000n\000d\000a\000t\000i\000o\000n\000\040\000S\000y\000s\000t\000e\000m\000\040\000O\000u\000t\000p\000u\000t}{chapter.93}% 53
\BOOKMARK [1][-]{section.105}{\376\377\000S\000o\000f\000t\000w\000a\000r\000e\000\040\000D\000e\000v\000e\000l\000o\000p\000m\000e\000n\000t\000\040\000A\000p\000p\000r\000o\000a\000c\000h}{chapter.93}% 54
\BOOKMARK [1][-]{section.106}{\376\377\000M\000o\000d\000e\000l\000\040\000D\000e\000p\000l\000o\000y\000m\000e\000n\000t}{chapter.93}% 55
\BOOKMARK [1][-]{section.107}{\376\377\000U\000s\000e\000r\000\040\000I\000n\000t\000e\000r\000f\000a\000c\000e\000\040\000a\000n\000d\000\040\000B\000a\000c\000k\000e\000n\000d}{chapter.93}% 56
\BOOKMARK [1][-]{section.109}{\376\377\000T\000e\000s\000t\000i\000n\000g\000,\000\040\000E\000v\000a\000l\000u\000a\000t\000i\000o\000n\000,\000\040\000a\000n\000d\000\040\000V\000a\000l\000i\000d\000a\000t\000i\000o\000n}{chapter.93}% 57
\BOOKMARK [0][-]{chapter.110}{\376\377\000C\000o\000n\000c\000l\000u\000s\000i\000o\000n\000s}{}% 58
\BOOKMARK [0][-]{chapter.111}{\376\377\000L\000i\000m\000i\000t\000a\000t\000i\000o\000n\000s\000\040\000a\000n\000d\000\040\000F\000u\000t\000u\000r\000e\000\040\000E\000n\000h\000a\000n\000c\000e\000m\000e\000n\000t}{}% 59
\BOOKMARK [1][-]{section.112}{\376\377\000L\000i\000m\000i\000t\000a\000t\000i\000o\000n\000s}{chapter.111}% 60
\BOOKMARK [1][-]{section.118}{\376\377\000F\000u\000t\000u\000r\000e\000\040\000E\000n\000h\000a\000n\000c\000e\000m\000e\000n\000t}{chapter.111}% 61
\BOOKMARK [1][-]{Item.123}{\376\377\000R\000e\000f\000e\000r\000e\000n\000c\000e\000s}{chapter.111}% 62
\BOOKMARK [1][-]{chapter*.125}{\376\377\000A\000p\000p\000e\000n\000d\000i\000c\000e\000s}{chapter.111}% 63
