\BOOKMARK [0][-]{chapter*.2}{\376\377\000A\000c\000k\000n\000o\000w\000l\000e\000d\000g\000e\000m\000e\000n\000t\000s}{}% 1
\BOOKMARK [0][-]{chapter*.2}{\376\377\000L\000i\000s\000t\000\040\000o\000f\000\040\000F\000i\000g\000u\000r\000e\000s}{}% 2
\BOOKMARK [0][-]{chapter*.2}{\376\377\000L\000i\000s\000t\000\040\000o\000f\000\040\000T\000a\000b\000l\000e\000s}{}% 3
\BOOKMARK [0][-]{chapter*.3}{\376\377\000L\000i\000s\000t\000\040\000o\000f\000\040\000A\000b\000b\000r\000e\000v\000i\000a\000t\000i\000o\000n\000s}{}% 4
\BOOKMARK [0][-]{chapter.4}{\376\377\000I\000n\000t\000r\000o\000d\000u\000c\000t\000i\000o\000n}{}% 5
\BOOKMARK [1][-]{section.5}{\376\377\000B\000a\000c\000k\000g\000r\000o\000u\000n\000d}{chapter.4}% 6
\BOOKMARK [1][-]{section.6}{\376\377\000P\000r\000o\000b\000l\000e\000m\000\040\000S\000t\000a\000t\000e\000m\000e\000n\000t}{chapter.4}% 7
\BOOKMARK [1][-]{section.7}{\376\377\000O\000b\000j\000e\000c\000t\000i\000v\000e\000s}{chapter.4}% 8
\BOOKMARK [2][-]{subsection.8}{\376\377\000G\000e\000n\000e\000r\000a\000l\000\040\000O\000b\000j\000e\000c\000t\000i\000v\000e}{section.7}% 9
\BOOKMARK [2][-]{subsection.9}{\376\377\000S\000p\000e\000c\000i\000f\000i\000c\000\040\000O\000b\000j\000e\000c\000t\000i\000v\000e\000s}{section.7}% 10
\BOOKMARK [1][-]{section.16}{\376\377\000S\000c\000o\000p\000e\000\040\000a\000n\000d\000\040\000L\000i\000m\000i\000t\000a\000t\000i\000o\000n\000s}{chapter.4}% 11
\BOOKMARK [2][-]{subsection.17}{\376\377\000S\000c\000o\000p\000e}{section.16}% 12
\BOOKMARK [2][-]{subsection.22}{\376\377\000L\000i\000m\000i\000t\000a\000t\000i\000o\000n\000s}{section.16}% 13
\BOOKMARK [0][-]{chapter.27}{\376\377\000L\000i\000t\000e\000r\000a\000t\000u\000r\000e\000\040\000R\000e\000v\000i\000e\000w}{}% 14
\BOOKMARK [1][-]{section.28}{\376\377\000R\000e\000l\000a\000t\000e\000d\000\040\000W\000o\000r\000k}{chapter.27}% 15
\BOOKMARK [1][-]{section.29}{\376\377\000R\000e\000l\000a\000t\000e\000d\000\040\000T\000h\000e\000o\000r\000y}{chapter.27}% 16
\BOOKMARK [2][-]{subsection.30}{\376\377\000G\000r\000a\000d\000i\000e\000n\000t\000\040\000B\000o\000o\000s\000t\000i\000n\000g\000\040\000M\000a\000c\000h\000i\000n\000e\000s}{section.29}% 17
\BOOKMARK [2][-]{subsection.31}{\376\377\000X\000G\000B\000o\000o\000s\000t\000\040\000O\000v\000e\000r\000v\000i\000e\000w}{section.29}% 18
\BOOKMARK [2][-]{subsection.32}{\376\377\000M\000a\000t\000h\000e\000m\000a\000t\000i\000c\000a\000l\000\040\000F\000o\000u\000n\000d\000a\000t\000i\000o\000n}{section.29}% 19
\BOOKMARK [2][-]{subsection.35}{\376\377\000K\000e\000y\000\040\000T\000e\000c\000h\000n\000i\000c\000a\000l\000\040\000F\000e\000a\000t\000u\000r\000e\000s}{section.29}% 20
\BOOKMARK [2][-]{subsection.36}{\376\377\000W\000h\000y\000\040\000X\000G\000B\000o\000o\000s\000t\000\040\000f\000o\000r\000\040\000T\000h\000i\000s\000\040\000P\000r\000o\000j\000e\000c\000t\000?}{section.29}% 21
\BOOKMARK [1][-]{section.37}{\376\377\000W\000e\000b\000s\000i\000t\000e\000\040\000D\000e\000v\000e\000l\000o\000p\000m\000e\000n\000t\000\040\000f\000o\000r\000\040\000E\000n\000d\000\040\000U\000s\000e\000r\000s}{chapter.27}% 22
\BOOKMARK [2][-]{subsection.38}{\376\377\000U\000s\000e\000r\000\040\000I\000n\000t\000e\000r\000f\000a\000c\000e\000\040\000D\000e\000s\000i\000g\000n}{section.37}% 23
\BOOKMARK [2][-]{subsection.39}{\376\377\000C\000u\000s\000t\000o\000m\000e\000r\000\040\000F\000u\000n\000c\000t\000i\000o\000n\000a\000l\000i\000t\000y}{section.37}% 24
\BOOKMARK [2][-]{subsection.40}{\376\377\000S\000a\000l\000e\000s\000m\000a\000n\000\040\000F\000u\000n\000c\000t\000i\000o\000n\000a\000l\000i\000t\000y}{section.37}% 25
\BOOKMARK [2][-]{subsection.41}{\376\377\000A\000d\000m\000i\000n\000\040\000F\000u\000n\000c\000t\000i\000o\000n\000a\000l\000i\000t\000y}{section.37}% 26
\BOOKMARK [0][-]{chapter.42}{\376\377\000M\000e\000t\000h\000o\000d\000o\000l\000o\000g\000y}{}% 27
\BOOKMARK [1][-]{section.43}{\376\377\000S\000o\000f\000t\000w\000a\000r\000e\000\040\000D\000e\000v\000e\000l\000o\000p\000m\000e\000n\000t\000\040\000M\000o\000d\000e\000l}{chapter.42}% 28
\BOOKMARK [1][-]{section.49}{\376\377\000F\000e\000a\000s\000i\000b\000i\000l\000i\000t\000y\000\040\000S\000t\000u\000d\000y}{chapter.42}% 29
\BOOKMARK [2][-]{subsection.50}{\376\377\000T\000e\000c\000h\000n\000i\000c\000a\000l\000\040\000F\000e\000a\000s\000i\000b\000i\000l\000i\000t\000y}{section.49}% 30
\BOOKMARK [2][-]{subsection.51}{\376\377\000E\000c\000o\000n\000o\000m\000i\000c\000\040\000F\000e\000a\000s\000i\000b\000i\000l\000i\000t\000y}{section.49}% 31
\BOOKMARK [2][-]{subsection.53}{\376\377\000O\000p\000e\000r\000a\000t\000i\000o\000n\000a\000l\000\040\000F\000e\000a\000s\000i\000b\000i\000l\000i\000t\000y}{section.49}% 32
\BOOKMARK [2][-]{subsection.54}{\376\377\000L\000e\000g\000a\000l\000\040\000a\000n\000d\000\040\000E\000t\000h\000i\000c\000a\000l\000\040\000F\000e\000a\000s\000i\000b\000i\000l\000i\000t\000y}{section.49}% 33
\BOOKMARK [1][-]{section.60}{\376\377\000R\000e\000q\000u\000i\000r\000e\000m\000e\000n\000t\000\040\000A\000n\000a\000l\000y\000s\000i\000s}{chapter.42}% 34
\BOOKMARK [2][-]{subsection.61}{\376\377\000F\000u\000n\000c\000t\000i\000o\000n\000a\000l\000\040\000R\000e\000q\000u\000i\000r\000e\000m\000e\000n\000t\000s}{section.60}% 35
\BOOKMARK [2][-]{subsection.62}{\376\377\000N\000o\000n\000\040\000F\000u\000n\000c\000t\000i\000o\000n\000a\000l\000\040\000R\000e\000q\000u\000i\000r\000e\000m\000e\000n\000t\000s}{section.60}% 36
\BOOKMARK [1][-]{section.63}{\376\377\000P\000r\000o\000p\000o\000s\000e\000d\000\040\000S\000y\000s\000t\000e\000m\000\040\000D\000e\000s\000i\000g\000n}{chapter.42}% 37
\BOOKMARK [2][-]{subsection.64}{\376\377\000S\000y\000s\000t\000e\000m\000\040\000A\000r\000c\000h\000i\000t\000e\000c\000t\000u\000r\000e}{section.63}% 38
\BOOKMARK [2][-]{subsection.66}{\376\377\000U\000s\000e\000\040\000C\000a\000s\000e\000\040\000D\000i\000a\000g\000r\000a\000m}{section.63}% 39
\BOOKMARK [2][-]{subsection.68}{\376\377\000D\000a\000t\000a\000\040\000F\000l\000o\000w\000\040\000D\000i\000a\000g\000r\000a\000m}{section.63}% 40
\BOOKMARK [2][-]{subsection.71}{\376\377\000S\000y\000s\000t\000e\000m\000\040\000F\000l\000o\000w\000c\000h\000a\000r\000t}{section.63}% 41
\BOOKMARK [2][-]{subsection.73}{\376\377\000D\000a\000t\000a\000\040\000P\000r\000e\000p\000a\000r\000a\000t\000i\000o\000n\000\040\000a\000n\000d\000\040\000M\000a\000c\000h\000i\000n\000e\000\040\000L\000e\000a\000r\000n\000i\000n\000g\000\040\000W\000o\000r\000k\000f\000l\000o\000w}{section.63}% 42
\BOOKMARK [1][-]{section.76}{\376\377\000I\000m\000p\000l\000e\000m\000e\000n\000t\000a\000t\000i\000o\000n\000\040\000D\000e\000t\000a\000i\000l\000s}{chapter.42}% 43
\BOOKMARK [2][-]{subsection.77}{\376\377\000F\000r\000o\000n\000t\000e\000n\000d\000\040\000D\000e\000v\000e\000l\000o\000p\000m\000e\000n\000t}{section.76}% 44
\BOOKMARK [2][-]{subsection.78}{\376\377\000B\000a\000c\000k\000e\000n\000d\000\040\000D\000e\000v\000e\000l\000o\000p\000m\000e\000n\000t}{section.76}% 45
\BOOKMARK [2][-]{subsection.79}{\376\377\000M\000a\000c\000h\000i\000n\000e\000\040\000L\000e\000a\000r\000n\000i\000n\000g\000\040\000M\000o\000d\000e\000l\000\040\000I\000n\000t\000e\000g\000r\000a\000t\000i\000o\000n}{section.76}% 46
\BOOKMARK [2][-]{subsection.80}{\376\377\000D\000a\000t\000a\000b\000a\000s\000e\000\040\000S\000c\000h\000e\000m\000a}{section.76}% 47
\BOOKMARK [2][-]{subsection.81}{\376\377\000T\000e\000s\000t\000i\000n\000g\000\040\000S\000t\000r\000a\000t\000e\000g\000y}{section.76}% 48
\BOOKMARK [0][-]{chapter.82}{\376\377\000T\000i\000m\000e\000\040\000S\000c\000h\000e\000d\000u\000l\000e}{}% 49
\BOOKMARK [0][-]{chapter.84}{\376\377\000E\000x\000p\000e\000c\000t\000e\000d\000\040\000O\000u\000t\000p\000u\000t}{}% 50
\BOOKMARK [1][-]{section.85}{\376\377\000W\000o\000r\000k\000\040\000C\000o\000m\000p\000l\000e\000t\000e\000d}{chapter.84}% 51
\BOOKMARK [2][-]{subsection.86}{\376\377\000F\000r\000o\000n\000t\000e\000n\000d}{section.85}% 52
\BOOKMARK [2][-]{subsection.87}{\376\377\000B\000a\000c\000k\000e\000n\000d}{section.85}% 53
\BOOKMARK [2][-]{subsection.88}{\376\377\000M\000a\000c\000h\000i\000n\000e\000\040\000L\000e\000a\000r\000n\000i\000n\000g}{section.85}% 54
\BOOKMARK [1][-]{section.89}{\376\377\000W\000o\000r\000k\000\040\000i\000n\000\040\000P\000r\000o\000g\000r\000e\000s\000s}{chapter.84}% 55
\BOOKMARK [2][-]{subsection.90}{\376\377\000F\000r\000o\000n\000t\000e\000n\000d}{section.89}% 56
\BOOKMARK [2][-]{subsection.91}{\376\377\000B\000a\000c\000k\000e\000n\000d}{section.89}% 57
\BOOKMARK [2][-]{subsection.92}{\376\377\000M\000a\000c\000h\000i\000n\000e\000\040\000L\000e\000a\000r\000n\000i\000n\000g}{section.89}% 58
\BOOKMARK [0][-]{chapter*.93}{\376\377\000R\000e\000f\000e\000r\000e\000n\000c\000e\000s}{}% 59
